[15-Oct-2021 00:19:19 Europe/Berlin] PHP Warning:  require_once(C:\xampp\htdocs\entitiesGenerator\vendor/composer/autoload_real.php): Failed to open stream: No such file or directory in C:\xampp\htdocs\entitiesGenerator\vendor\autoload.php on line 5
[15-Oct-2021 00:19:19 Europe/Berlin] PHP Fatal error:  Uncaught Error: Failed opening required 'C:\xampp\htdocs\entitiesGenerator\vendor/composer/autoload_real.php' (include_path='C:\xampp\php\PEAR') in C:\xampp\htdocs\entitiesGenerator\vendor\autoload.php:5
Stack trace:
#0 C:\xampp\htdocs\entitiesGenerator\config\globalConfig.php(22): require_once()
#1 C:\xampp\htdocs\entitiesGenerator\config\appConfig.php(14): require_once('C:\\xampp\\htdocs...')
#2 C:\xampp\htdocs\entitiesGenerator\index.php(2): require_once('C:\\xampp\\htdocs...')
#3 {main}
  thrown in C:\xampp\htdocs\entitiesGenerator\vendor\autoload.php on line 5
[15-Oct-2021 00:19:20 Europe/Berlin] PHP Warning:  require_once(C:\xampp\htdocs\entitiesGenerator\vendor/composer/autoload_real.php): Failed to open stream: No such file or directory in C:\xampp\htdocs\entitiesGenerator\vendor\autoload.php on line 5
[15-Oct-2021 00:19:20 Europe/Berlin] PHP Fatal error:  Uncaught Error: Failed opening required 'C:\xampp\htdocs\entitiesGenerator\vendor/composer/autoload_real.php' (include_path='C:\xampp\php\PEAR') in C:\xampp\htdocs\entitiesGenerator\vendor\autoload.php:5
Stack trace:
#0 C:\xampp\htdocs\entitiesGenerator\config\globalConfig.php(22): require_once()
#1 C:\xampp\htdocs\entitiesGenerator\config\appConfig.php(14): require_once('C:\\xampp\\htdocs...')
#2 C:\xampp\htdocs\entitiesGenerator\index.php(2): require_once('C:\\xampp\\htdocs...')
#3 {main}
  thrown in C:\xampp\htdocs\entitiesGenerator\vendor\autoload.php on line 5
[15-Oct-2021 00:19:42 Europe/Berlin] PHP Warning:  require_once(C:\xampp\htdocs\entitiesGenerator\vendor/composer/autoload_real.php): Failed to open stream: No such file or directory in C:\xampp\htdocs\entitiesGenerator\vendor\autoload.php on line 5
[15-Oct-2021 00:19:42 Europe/Berlin] PHP Fatal error:  Uncaught Error: Failed opening required 'C:\xampp\htdocs\entitiesGenerator\vendor/composer/autoload_real.php' (include_path='C:\xampp\php\PEAR') in C:\xampp\htdocs\entitiesGenerator\vendor\autoload.php:5
Stack trace:
#0 C:\xampp\htdocs\entitiesGenerator\config\globalConfig.php(22): require_once()
#1 C:\xampp\htdocs\entitiesGenerator\config\appConfig.php(14): require_once('C:\\xampp\\htdocs...')
#2 C:\xampp\htdocs\entitiesGenerator\public\index.php(2): include_once('C:\\xampp\\htdocs...')
#3 {main}
  thrown in C:\xampp\htdocs\entitiesGenerator\vendor\autoload.php on line 5
[15-Oct-2021 00:20:08 Europe/Berlin] PHP Warning:  require_once(C:\xampp\htdocs\entitiesGenerator\vendor/composer/autoload_real.php): Failed to open stream: No such file or directory in C:\xampp\htdocs\entitiesGenerator\vendor\autoload.php on line 5
[15-Oct-2021 00:20:08 Europe/Berlin] PHP Fatal error:  Uncaught Error: Failed opening required 'C:\xampp\htdocs\entitiesGenerator\vendor/composer/autoload_real.php' (include_path='C:\xampp\php\PEAR') in C:\xampp\htdocs\entitiesGenerator\vendor\autoload.php:5
Stack trace:
#0 C:\xampp\htdocs\entitiesGenerator\config\globalConfig.php(22): require_once()
#1 C:\xampp\htdocs\entitiesGenerator\config\appConfig.php(14): require_once('C:\\xampp\\htdocs...')
#2 C:\xampp\htdocs\entitiesGenerator\public\index.php(2): include_once('C:\\xampp\\htdocs...')
#3 {main}
  thrown in C:\xampp\htdocs\entitiesGenerator\vendor\autoload.php on line 5
[15-Oct-2021 00:20:33 Europe/Berlin] PHP Warning:  require_once(C:\xampp\htdocs\entitiesGenerator\vendor/composer/autoload_real.php): Failed to open stream: No such file or directory in C:\xampp\htdocs\entitiesGenerator\vendor\autoload.php on line 5
[15-Oct-2021 00:20:33 Europe/Berlin] PHP Fatal error:  Uncaught Error: Failed opening required 'C:\xampp\htdocs\entitiesGenerator\vendor/composer/autoload_real.php' (include_path='C:\xampp\php\PEAR') in C:\xampp\htdocs\entitiesGenerator\vendor\autoload.php:5
Stack trace:
#0 C:\xampp\htdocs\entitiesGenerator\config\globalConfig.php(22): require_once()
#1 C:\xampp\htdocs\entitiesGenerator\config\appConfig.php(14): require_once('C:\\xampp\\htdocs...')
#2 C:\xampp\htdocs\entitiesGenerator\index.php(2): require_once('C:\\xampp\\htdocs...')
#3 {main}
  thrown in C:\xampp\htdocs\entitiesGenerator\vendor\autoload.php on line 5
[15-Oct-2021 00:20:49 Europe/Berlin] PHP Warning:  require_once(C:\xampp\htdocs\entitiesGenerator\vendor/composer/autoload_real.php): Failed to open stream: No such file or directory in C:\xampp\htdocs\entitiesGenerator\vendor\autoload.php on line 5
[15-Oct-2021 00:20:49 Europe/Berlin] PHP Fatal error:  Uncaught Error: Failed opening required 'C:\xampp\htdocs\entitiesGenerator\vendor/composer/autoload_real.php' (include_path='C:\xampp\php\PEAR') in C:\xampp\htdocs\entitiesGenerator\vendor\autoload.php:5
Stack trace:
#0 C:\xampp\htdocs\entitiesGenerator\config\globalConfig.php(22): require_once()
#1 C:\xampp\htdocs\entitiesGenerator\config\appConfig.php(14): require_once('C:\\xampp\\htdocs...')
#2 C:\xampp\htdocs\entitiesGenerator\index.php(2): require_once('C:\\xampp\\htdocs...')
#3 {main}
  thrown in C:\xampp\htdocs\entitiesGenerator\vendor\autoload.php on line 5
[15-Oct-2021 00:20:49 Europe/Berlin] PHP Warning:  require_once(C:\xampp\htdocs\entitiesGenerator\vendor/composer/autoload_real.php): Failed to open stream: No such file or directory in C:\xampp\htdocs\entitiesGenerator\vendor\autoload.php on line 5
[15-Oct-2021 00:20:49 Europe/Berlin] PHP Fatal error:  Uncaught Error: Failed opening required 'C:\xampp\htdocs\entitiesGenerator\vendor/composer/autoload_real.php' (include_path='C:\xampp\php\PEAR') in C:\xampp\htdocs\entitiesGenerator\vendor\autoload.php:5
Stack trace:
#0 C:\xampp\htdocs\entitiesGenerator\config\globalConfig.php(22): require_once()
#1 C:\xampp\htdocs\entitiesGenerator\config\appConfig.php(14): require_once('C:\\xampp\\htdocs...')
#2 C:\xampp\htdocs\entitiesGenerator\index.php(2): require_once('C:\\xampp\\htdocs...')
#3 {main}
  thrown in C:\xampp\htdocs\entitiesGenerator\vendor\autoload.php on line 5
[15-Oct-2021 00:20:49 Europe/Berlin] PHP Warning:  require_once(C:\xampp\htdocs\entitiesGenerator\vendor/composer/autoload_real.php): Failed to open stream: No such file or directory in C:\xampp\htdocs\entitiesGenerator\vendor\autoload.php on line 5
[15-Oct-2021 00:20:49 Europe/Berlin] PHP Fatal error:  Uncaught Error: Failed opening required 'C:\xampp\htdocs\entitiesGenerator\vendor/composer/autoload_real.php' (include_path='C:\xampp\php\PEAR') in C:\xampp\htdocs\entitiesGenerator\vendor\autoload.php:5
Stack trace:
#0 C:\xampp\htdocs\entitiesGenerator\config\globalConfig.php(22): require_once()
#1 C:\xampp\htdocs\entitiesGenerator\config\appConfig.php(14): require_once('C:\\xampp\\htdocs...')
#2 C:\xampp\htdocs\entitiesGenerator\index.php(2): require_once('C:\\xampp\\htdocs...')
#3 {main}
  thrown in C:\xampp\htdocs\entitiesGenerator\vendor\autoload.php on line 5
[15-Oct-2021 00:20:50 Europe/Berlin] PHP Warning:  require_once(C:\xampp\htdocs\entitiesGenerator\vendor/composer/autoload_real.php): Failed to open stream: No such file or directory in C:\xampp\htdocs\entitiesGenerator\vendor\autoload.php on line 5
[15-Oct-2021 00:20:50 Europe/Berlin] PHP Fatal error:  Uncaught Error: Failed opening required 'C:\xampp\htdocs\entitiesGenerator\vendor/composer/autoload_real.php' (include_path='C:\xampp\php\PEAR') in C:\xampp\htdocs\entitiesGenerator\vendor\autoload.php:5
Stack trace:
#0 C:\xampp\htdocs\entitiesGenerator\config\globalConfig.php(22): require_once()
#1 C:\xampp\htdocs\entitiesGenerator\config\appConfig.php(14): require_once('C:\\xampp\\htdocs...')
#2 C:\xampp\htdocs\entitiesGenerator\index.php(2): require_once('C:\\xampp\\htdocs...')
#3 {main}
  thrown in C:\xampp\htdocs\entitiesGenerator\vendor\autoload.php on line 5
[15-Oct-2021 00:20:52 Europe/Berlin] PHP Warning:  require_once(C:\xampp\htdocs\entitiesGenerator\vendor/composer/autoload_real.php): Failed to open stream: No such file or directory in C:\xampp\htdocs\entitiesGenerator\vendor\autoload.php on line 5
[15-Oct-2021 00:20:52 Europe/Berlin] PHP Fatal error:  Uncaught Error: Failed opening required 'C:\xampp\htdocs\entitiesGenerator\vendor/composer/autoload_real.php' (include_path='C:\xampp\php\PEAR') in C:\xampp\htdocs\entitiesGenerator\vendor\autoload.php:5
Stack trace:
#0 C:\xampp\htdocs\entitiesGenerator\config\globalConfig.php(22): require_once()
#1 C:\xampp\htdocs\entitiesGenerator\config\appConfig.php(14): require_once('C:\\xampp\\htdocs...')
#2 C:\xampp\htdocs\entitiesGenerator\index.php(2): require_once('C:\\xampp\\htdocs...')
#3 {main}
  thrown in C:\xampp\htdocs\entitiesGenerator\vendor\autoload.php on line 5
[15-Oct-2021 00:28:12 Europe/Berlin] PHP Warning:  require_once(C:\xampp\htdocs\entitiesGenerator\vendor/composer/autoload_real.php): Failed to open stream: No such file or directory in C:\xampp\htdocs\entitiesGenerator\vendor\autoload.php on line 5
[15-Oct-2021 00:28:12 Europe/Berlin] PHP Fatal error:  Uncaught Error: Failed opening required 'C:\xampp\htdocs\entitiesGenerator\vendor/composer/autoload_real.php' (include_path='C:\xampp\php\PEAR;C:\xampp\htdocs\entitiesGenerator\src\;C:\xampp\htdocs\entitiesGenerator\vendor\entitiesGenerator\') in C:\xampp\htdocs\entitiesGenerator\vendor\autoload.php:5
Stack trace:
#0 C:\xampp\htdocs\entitiesGenerator\config\globalConfig.php(28): require_once()
#1 C:\xampp\htdocs\entitiesGenerator\config\appConfig.php(14): require_once('C:\\xampp\\htdocs...')
#2 C:\xampp\htdocs\entitiesGenerator\index.php(2): require_once('C:\\xampp\\htdocs...')
#3 {main}
  thrown in C:\xampp\htdocs\entitiesGenerator\vendor\autoload.php on line 5
[15-Oct-2021 00:28:13 Europe/Berlin] PHP Warning:  require_once(C:\xampp\htdocs\entitiesGenerator\vendor/composer/autoload_real.php): Failed to open stream: No such file or directory in C:\xampp\htdocs\entitiesGenerator\vendor\autoload.php on line 5
[15-Oct-2021 00:28:13 Europe/Berlin] PHP Fatal error:  Uncaught Error: Failed opening required 'C:\xampp\htdocs\entitiesGenerator\vendor/composer/autoload_real.php' (include_path='C:\xampp\php\PEAR;C:\xampp\htdocs\entitiesGenerator\src\;C:\xampp\htdocs\entitiesGenerator\vendor\entitiesGenerator\') in C:\xampp\htdocs\entitiesGenerator\vendor\autoload.php:5
Stack trace:
#0 C:\xampp\htdocs\entitiesGenerator\config\globalConfig.php(28): require_once()
#1 C:\xampp\htdocs\entitiesGenerator\config\appConfig.php(14): require_once('C:\\xampp\\htdocs...')
#2 C:\xampp\htdocs\entitiesGenerator\index.php(2): require_once('C:\\xampp\\htdocs...')
#3 {main}
  thrown in C:\xampp\htdocs\entitiesGenerator\vendor\autoload.php on line 5
[15-Oct-2021 00:28:13 Europe/Berlin] PHP Warning:  require_once(C:\xampp\htdocs\entitiesGenerator\vendor/composer/autoload_real.php): Failed to open stream: No such file or directory in C:\xampp\htdocs\entitiesGenerator\vendor\autoload.php on line 5
[15-Oct-2021 00:28:13 Europe/Berlin] PHP Fatal error:  Uncaught Error: Failed opening required 'C:\xampp\htdocs\entitiesGenerator\vendor/composer/autoload_real.php' (include_path='C:\xampp\php\PEAR;C:\xampp\htdocs\entitiesGenerator\src\;C:\xampp\htdocs\entitiesGenerator\vendor\entitiesGenerator\') in C:\xampp\htdocs\entitiesGenerator\vendor\autoload.php:5
Stack trace:
#0 C:\xampp\htdocs\entitiesGenerator\config\globalConfig.php(28): require_once()
#1 C:\xampp\htdocs\entitiesGenerator\config\appConfig.php(14): require_once('C:\\xampp\\htdocs...')
#2 C:\xampp\htdocs\entitiesGenerator\index.php(2): require_once('C:\\xampp\\htdocs...')
#3 {main}
  thrown in C:\xampp\htdocs\entitiesGenerator\vendor\autoload.php on line 5
[15-Oct-2021 00:28:13 Europe/Berlin] PHP Warning:  require_once(C:\xampp\htdocs\entitiesGenerator\vendor/composer/autoload_real.php): Failed to open stream: No such file or directory in C:\xampp\htdocs\entitiesGenerator\vendor\autoload.php on line 5
[15-Oct-2021 00:28:13 Europe/Berlin] PHP Fatal error:  Uncaught Error: Failed opening required 'C:\xampp\htdocs\entitiesGenerator\vendor/composer/autoload_real.php' (include_path='C:\xampp\php\PEAR;C:\xampp\htdocs\entitiesGenerator\src\;C:\xampp\htdocs\entitiesGenerator\vendor\entitiesGenerator\') in C:\xampp\htdocs\entitiesGenerator\vendor\autoload.php:5
Stack trace:
#0 C:\xampp\htdocs\entitiesGenerator\config\globalConfig.php(28): require_once()
#1 C:\xampp\htdocs\entitiesGenerator\config\appConfig.php(14): require_once('C:\\xampp\\htdocs...')
#2 C:\xampp\htdocs\entitiesGenerator\index.php(2): require_once('C:\\xampp\\htdocs...')
#3 {main}
  thrown in C:\xampp\htdocs\entitiesGenerator\vendor\autoload.php on line 5
[15-Oct-2021 00:28:13 Europe/Berlin] PHP Warning:  require_once(C:\xampp\htdocs\entitiesGenerator\vendor/composer/autoload_real.php): Failed to open stream: No such file or directory in C:\xampp\htdocs\entitiesGenerator\vendor\autoload.php on line 5
[15-Oct-2021 00:28:13 Europe/Berlin] PHP Fatal error:  Uncaught Error: Failed opening required 'C:\xampp\htdocs\entitiesGenerator\vendor/composer/autoload_real.php' (include_path='C:\xampp\php\PEAR;C:\xampp\htdocs\entitiesGenerator\src\;C:\xampp\htdocs\entitiesGenerator\vendor\entitiesGenerator\') in C:\xampp\htdocs\entitiesGenerator\vendor\autoload.php:5
Stack trace:
#0 C:\xampp\htdocs\entitiesGenerator\config\globalConfig.php(28): require_once()
#1 C:\xampp\htdocs\entitiesGenerator\config\appConfig.php(14): require_once('C:\\xampp\\htdocs...')
#2 C:\xampp\htdocs\entitiesGenerator\index.php(2): require_once('C:\\xampp\\htdocs...')
#3 {main}
  thrown in C:\xampp\htdocs\entitiesGenerator\vendor\autoload.php on line 5
[15-Oct-2021 00:28:14 Europe/Berlin] PHP Warning:  require_once(C:\xampp\htdocs\entitiesGenerator\vendor/composer/autoload_real.php): Failed to open stream: No such file or directory in C:\xampp\htdocs\entitiesGenerator\vendor\autoload.php on line 5
[15-Oct-2021 00:28:14 Europe/Berlin] PHP Fatal error:  Uncaught Error: Failed opening required 'C:\xampp\htdocs\entitiesGenerator\vendor/composer/autoload_real.php' (include_path='C:\xampp\php\PEAR;C:\xampp\htdocs\entitiesGenerator\src\;C:\xampp\htdocs\entitiesGenerator\vendor\entitiesGenerator\') in C:\xampp\htdocs\entitiesGenerator\vendor\autoload.php:5
Stack trace:
#0 C:\xampp\htdocs\entitiesGenerator\config\globalConfig.php(28): require_once()
#1 C:\xampp\htdocs\entitiesGenerator\config\appConfig.php(14): require_once('C:\\xampp\\htdocs...')
#2 C:\xampp\htdocs\entitiesGenerator\index.php(2): require_once('C:\\xampp\\htdocs...')
#3 {main}
  thrown in C:\xampp\htdocs\entitiesGenerator\vendor\autoload.php on line 5
[15-Oct-2021 00:28:14 Europe/Berlin] PHP Warning:  require_once(C:\xampp\htdocs\entitiesGenerator\vendor/composer/autoload_real.php): Failed to open stream: No such file or directory in C:\xampp\htdocs\entitiesGenerator\vendor\autoload.php on line 5
[15-Oct-2021 00:28:14 Europe/Berlin] PHP Fatal error:  Uncaught Error: Failed opening required 'C:\xampp\htdocs\entitiesGenerator\vendor/composer/autoload_real.php' (include_path='C:\xampp\php\PEAR;C:\xampp\htdocs\entitiesGenerator\src\;C:\xampp\htdocs\entitiesGenerator\vendor\entitiesGenerator\') in C:\xampp\htdocs\entitiesGenerator\vendor\autoload.php:5
Stack trace:
#0 C:\xampp\htdocs\entitiesGenerator\config\globalConfig.php(28): require_once()
#1 C:\xampp\htdocs\entitiesGenerator\config\appConfig.php(14): require_once('C:\\xampp\\htdocs...')
#2 C:\xampp\htdocs\entitiesGenerator\index.php(2): require_once('C:\\xampp\\htdocs...')
#3 {main}
  thrown in C:\xampp\htdocs\entitiesGenerator\vendor\autoload.php on line 5
[15-Oct-2021 00:28:14 Europe/Berlin] PHP Warning:  require_once(C:\xampp\htdocs\entitiesGenerator\vendor/composer/autoload_real.php): Failed to open stream: No such file or directory in C:\xampp\htdocs\entitiesGenerator\vendor\autoload.php on line 5
[15-Oct-2021 00:28:14 Europe/Berlin] PHP Fatal error:  Uncaught Error: Failed opening required 'C:\xampp\htdocs\entitiesGenerator\vendor/composer/autoload_real.php' (include_path='C:\xampp\php\PEAR;C:\xampp\htdocs\entitiesGenerator\src\;C:\xampp\htdocs\entitiesGenerator\vendor\entitiesGenerator\') in C:\xampp\htdocs\entitiesGenerator\vendor\autoload.php:5
Stack trace:
#0 C:\xampp\htdocs\entitiesGenerator\config\globalConfig.php(28): require_once()
#1 C:\xampp\htdocs\entitiesGenerator\config\appConfig.php(14): require_once('C:\\xampp\\htdocs...')
#2 C:\xampp\htdocs\entitiesGenerator\index.php(2): require_once('C:\\xampp\\htdocs...')
#3 {main}
  thrown in C:\xampp\htdocs\entitiesGenerator\vendor\autoload.php on line 5
[15-Oct-2021 00:28:15 Europe/Berlin] PHP Warning:  require_once(C:\xampp\htdocs\entitiesGenerator\vendor/composer/autoload_real.php): Failed to open stream: No such file or directory in C:\xampp\htdocs\entitiesGenerator\vendor\autoload.php on line 5
[15-Oct-2021 00:28:15 Europe/Berlin] PHP Fatal error:  Uncaught Error: Failed opening required 'C:\xampp\htdocs\entitiesGenerator\vendor/composer/autoload_real.php' (include_path='C:\xampp\php\PEAR;C:\xampp\htdocs\entitiesGenerator\src\;C:\xampp\htdocs\entitiesGenerator\vendor\entitiesGenerator\') in C:\xampp\htdocs\entitiesGenerator\vendor\autoload.php:5
Stack trace:
#0 C:\xampp\htdocs\entitiesGenerator\config\globalConfig.php(28): require_once()
#1 C:\xampp\htdocs\entitiesGenerator\config\appConfig.php(14): require_once('C:\\xampp\\htdocs...')
#2 C:\xampp\htdocs\entitiesGenerator\index.php(2): require_once('C:\\xampp\\htdocs...')
#3 {main}
  thrown in C:\xampp\htdocs\entitiesGenerator\vendor\autoload.php on line 5
[15-Oct-2021 00:28:15 Europe/Berlin] PHP Warning:  require_once(C:\xampp\htdocs\entitiesGenerator\vendor/composer/autoload_real.php): Failed to open stream: No such file or directory in C:\xampp\htdocs\entitiesGenerator\vendor\autoload.php on line 5
[15-Oct-2021 00:28:15 Europe/Berlin] PHP Fatal error:  Uncaught Error: Failed opening required 'C:\xampp\htdocs\entitiesGenerator\vendor/composer/autoload_real.php' (include_path='C:\xampp\php\PEAR;C:\xampp\htdocs\entitiesGenerator\src\;C:\xampp\htdocs\entitiesGenerator\vendor\entitiesGenerator\') in C:\xampp\htdocs\entitiesGenerator\vendor\autoload.php:5
Stack trace:
#0 C:\xampp\htdocs\entitiesGenerator\config\globalConfig.php(28): require_once()
#1 C:\xampp\htdocs\entitiesGenerator\config\appConfig.php(14): require_once('C:\\xampp\\htdocs...')
#2 C:\xampp\htdocs\entitiesGenerator\index.php(2): require_once('C:\\xampp\\htdocs...')
#3 {main}
  thrown in C:\xampp\htdocs\entitiesGenerator\vendor\autoload.php on line 5
[15-Oct-2021 00:28:16 Europe/Berlin] PHP Warning:  require_once(C:\xampp\htdocs\entitiesGenerator\vendor/composer/autoload_real.php): Failed to open stream: No such file or directory in C:\xampp\htdocs\entitiesGenerator\vendor\autoload.php on line 5
[15-Oct-2021 00:28:16 Europe/Berlin] PHP Fatal error:  Uncaught Error: Failed opening required 'C:\xampp\htdocs\entitiesGenerator\vendor/composer/autoload_real.php' (include_path='C:\xampp\php\PEAR;C:\xampp\htdocs\entitiesGenerator\src\;C:\xampp\htdocs\entitiesGenerator\vendor\entitiesGenerator\') in C:\xampp\htdocs\entitiesGenerator\vendor\autoload.php:5
Stack trace:
#0 C:\xampp\htdocs\entitiesGenerator\config\globalConfig.php(28): require_once()
#1 C:\xampp\htdocs\entitiesGenerator\config\appConfig.php(14): require_once('C:\\xampp\\htdocs...')
#2 C:\xampp\htdocs\entitiesGenerator\index.php(2): require_once('C:\\xampp\\htdocs...')
#3 {main}
  thrown in C:\xampp\htdocs\entitiesGenerator\vendor\autoload.php on line 5
[15-Oct-2021 00:28:16 Europe/Berlin] PHP Warning:  require_once(C:\xampp\htdocs\entitiesGenerator\vendor/composer/autoload_real.php): Failed to open stream: No such file or directory in C:\xampp\htdocs\entitiesGenerator\vendor\autoload.php on line 5
[15-Oct-2021 00:28:16 Europe/Berlin] PHP Fatal error:  Uncaught Error: Failed opening required 'C:\xampp\htdocs\entitiesGenerator\vendor/composer/autoload_real.php' (include_path='C:\xampp\php\PEAR;C:\xampp\htdocs\entitiesGenerator\src\;C:\xampp\htdocs\entitiesGenerator\vendor\entitiesGenerator\') in C:\xampp\htdocs\entitiesGenerator\vendor\autoload.php:5
Stack trace:
#0 C:\xampp\htdocs\entitiesGenerator\config\globalConfig.php(28): require_once()
#1 C:\xampp\htdocs\entitiesGenerator\config\appConfig.php(14): require_once('C:\\xampp\\htdocs...')
#2 C:\xampp\htdocs\entitiesGenerator\index.php(2): require_once('C:\\xampp\\htdocs...')
#3 {main}
  thrown in C:\xampp\htdocs\entitiesGenerator\vendor\autoload.php on line 5
[15-Oct-2021 00:28:17 Europe/Berlin] PHP Warning:  require_once(C:\xampp\htdocs\entitiesGenerator\vendor/composer/autoload_real.php): Failed to open stream: No such file or directory in C:\xampp\htdocs\entitiesGenerator\vendor\autoload.php on line 5
[15-Oct-2021 00:28:17 Europe/Berlin] PHP Fatal error:  Uncaught Error: Failed opening required 'C:\xampp\htdocs\entitiesGenerator\vendor/composer/autoload_real.php' (include_path='C:\xampp\php\PEAR;C:\xampp\htdocs\entitiesGenerator\src\;C:\xampp\htdocs\entitiesGenerator\vendor\entitiesGenerator\') in C:\xampp\htdocs\entitiesGenerator\vendor\autoload.php:5
Stack trace:
#0 C:\xampp\htdocs\entitiesGenerator\config\globalConfig.php(28): require_once()
#1 C:\xampp\htdocs\entitiesGenerator\config\appConfig.php(14): require_once('C:\\xampp\\htdocs...')
#2 C:\xampp\htdocs\entitiesGenerator\index.php(2): require_once('C:\\xampp\\htdocs...')
#3 {main}
  thrown in C:\xampp\htdocs\entitiesGenerator\vendor\autoload.php on line 5
